Rotate 1: IXI
Measure +: ZXZ
Measure +: ZXI
Measure +: ZIZ
