Measure +: ZZIZ
Measure +: IXIX
Measure +: IIZI
Measure +: IZIZ
