Rotate 1: IIIIIIZ
Rotate 1: IXIIIII
Rotate -1: IXIIIZI
Rotate -1: IIIIIZZ
Rotate -1: IXIIIIZ
Rotate 1: IXIIIZZ
Rotate 1: XIIIIII
Rotate -1: XIIIIZI
Rotate 1: IIXIIII
Rotate -1: IIXIIZI
Rotate 1: IIIXIII
Rotate -1: IIIXIZI
Rotate 1: IIIIXII
Rotate -1: IIIIXZI
Rotate -1: XZIIIII
Rotate 1: XZIIIZI
Rotate -1: IZXIIII
Rotate 1: IZXIIZI
Rotate -1: IZIXIII
Rotate 1: IZIXIZI
Rotate -1: IZIIXII
Rotate 1: IZIIXZI
Rotate 1: IZIIIII
Rotate 1: IIIIIIX
Rotate -1: IIIIIZX
Rotate -1: IZIIIZI
Rotate -1: IZIIIIX
Rotate 1: IZIIIZX
Measure +: ZIIIIII
Measure +: IZIIIII
Measure +: IIZIIII
Measure +: IIIZIII
Measure +: IIIIZII
Measure +: IIIIIZI
Measure +: IIIIIIZ
