Rotate 1: IIIIIIIIIIIIIIZ
Rotate 1: IXIIIIIIIIIIIII
Rotate -1: IXIIIIIIIIIIZII
Rotate -1: IIIIIIIIIIIIZIZ
Rotate -1: IXIIIIIIIIIIIIZ
Rotate 1: IXIIIIIIIIIIZIZ
Rotate 1: XIIIIIIIIIIIIII
Rotate -1: XIIIIIIIIIIIZII
Rotate -1: IIIIIIIXIIIIZII
Rotate -1: IIIIIIIIIXIIZII
Rotate -1: IIIIIIIIIIIXZII
Rotate 1: IIZIIIIIIIIIIII
Rotate -1: IIIXIIIIIIIIIZI
Rotate 1: IIIIXIIIIIIIIII
Rotate -1: IIIIXIIIIIIIIZI
Rotate -1: IIIIIIXIIIIIIZI
Rotate 1: IIIIIIIIXIIIIII
Rotate -1: IIIIIIIIXIIIIZI
Rotate 1: IIIIIIIIIIXIIII
Rotate -1: IIIIIIIIIIXIIZI
Rotate 1: IIIIIIXIIIIIIII
Rotate 1: IIIIIIIXIIIIIII
Rotate -1: XZIIIIIIIIIIIII
Rotate 1: XZIIIIIIIIIIZII
Rotate -1: IZIIIIIXIIIIIII
Rotate 1: IZIIIIIXIIIIZII
Rotate -1: IZIIIIIIIXIIIII
Rotate 1: IZIIIIIIIXIIZII
Rotate -1: IZIIIIIIIIIXIII
Rotate 1: IZIIIIIIIIIXZII
Rotate 1: IZIIIIIIIIIIIII
Rotate 1: IIIIIIIIIIIIIIX
Rotate -1: IIIIIIIIIIIIZIX
Rotate -1: IZIIIIIIIIIIZII
Rotate -1: IZIIIIIIIIIIIIX
Rotate 1: IZIIIIIIIIIIZIX
Rotate 1: ZIIIIIIIIIIIIII
Rotate 1: IXIIIIIIIIIIIII
Rotate -1: IXZIIIIIIIIIIII
Rotate -1: ZIZIIIIIIIIIIII
Rotate -1: ZXIIIIIIIIIIIII
Rotate 1: ZXZIIIIIIIIIIII
Rotate 1: IIIIIIIIIIIIYZI
Rotate -1: IIIXIIIIIIIIIIZ
Rotate -1: IIIIIXIIIIIIIIZ
Rotate -1: IIIIIIXIIIIIIIZ
Rotate -1: IIIIIIIXIIIIIIZ
Rotate -1: IIIIIIIIIXIIIIZ
Rotate -1: IIIIIIIIIIIXIIZ
Rotate 1: IIIIIIIIIIIIIIZ
Rotate 1: XIIIIIIIIIIIIII
Rotate -1: XIIIIIIIIIIIIZI
Rotate -1: XZIIIIIIIIIIIII
Rotate 1: XZIIIIIIIIIIIZI
Rotate 1: IIXIIIIIIIIIIII
Rotate -1: IIXIIIIIIIIIIZI
Rotate -1: IZXIIIIIIIIIIII
Rotate 1: IZXIIIIIIIIIIZI
Rotate -1: IZIXIIIIIIIIIII
Rotate 1: IZIXIIIIIIIIIZI
Rotate -1: IZIIXIIIIIIIIII
Rotate 1: IZIIXIIIIIIIIZI
Rotate -1: IZIIIIXIIIIIIII
Rotate 1: IZIIIIXIIIIIIZI
Rotate -1: IZIIIIIIXIIIIII
Rotate 1: IZIIIIIIXIIIIZI
Rotate -1: IZIIIIIIIIXIIII
Rotate 1: IZIIIIIIIIXIIZI
Rotate -1: IZIIIIIIIIIIYZI
Rotate 1: IZIIIIIIIIIIIII
Rotate 1: ZIIIIIIIIIIIIII
Rotate -1: ZZIIIIIIIIIIIII
Rotate 1: ZIIIIIIIIIIIYII
Rotate -1: ZZIIIIIIIIIIYII
Rotate -1: IIIIIIIIIIIIIXZ
Rotate 1: IIZIIIIIIIIIIII
Rotate 1: IIIIZIIIIIIIIII
Rotate -1: IIIIZIIIIIIIIXI
Rotate -1: IIZIZIIIIIIIIII
Rotate -1: IIZIIIIIIIIIIXI
Rotate 1: IIZIZIIIIIIIIXI
Rotate 1: XIIIIIIIIIIIIII
Rotate -1: XZIIIIIIIIIIZII
Rotate -1: XIIIIIIIIIIIIIZ
Rotate 1: XZIIIIIIIIIIZIZ
Rotate -1: IYIIIIIIIIIIYII
Rotate -1: IXIIIIIIIIIIXII
Rotate 1: IYIIIIIIIIIIYIZ
Rotate 1: IXIIIIIIIIIIXIZ
Rotate -1: IZIXIIIIIIIIZII
Rotate 1: IZIXIIIIIIIIZIZ
Rotate 1: IZIIIXIIIIIIZIZ
Rotate 1: IZIIIIXIIIIIZIZ
Rotate 1: IZIIIIIXIIIIZIZ
Rotate -1: IZIIIIIIIXIIZII
Rotate 1: IZIIIIIIIXIIZIZ
Rotate -1: IZIIIIIIIIIXZII
Rotate 1: IZIIIIIIIIIXZIZ
Rotate -1: IZIIIIIIIIIIZXI
Rotate -1: IZIIIIIIIIIIZIZ
Rotate 1: IZIIIIIIIIIIZXZ
Rotate 1: IIXIIIIIIIIIIII
Rotate -1: IZXIIIIIIIIIZII
Rotate 1: IIIIXIIIIIIIIII
Rotate -1: IZIIXIIIIIIIZII
Rotate -1: IIXIIIIIIIIIIYI
Rotate 1: IZXIIIIIIIIIZYI
Rotate -1: IIIIXIIIIIIIIYI
Rotate 1: IZIIXIIIIIIIZYI
Rotate -1: IIIIIXIIIIIIIYI
Rotate 1: IZIIIXIIIIIIZYI
Rotate -1: IIIIIIXIIIIIIYI
Rotate 1: IZIIIIXIIIIIZYI
Rotate 1: IIIIIIIIIIIIIYI
Rotate -1: IZIIIIIIIIIIZYI
Rotate -1: IIIIIIIXIIIIIYI
Rotate 1: IZIIIIIXIIIIZYI
Measure +: ZIIIIIIIIIIIIII
Measure +: IZIIIIIIIIIIIII
Measure +: IIZIIIIIIIIIIII
Measure +: IIIYIIIIIIIIIII
Measure +: IIIIZIIIIIIIIII
Measure +: IZIIIZIIIIIIZII
Measure +: IZIIIIZIIIIIZII
Measure +: IZIIIIIZIIIIZII
Measure +: IIIIIIIIZIIIIII
Measure +: IIIIIIIIIYIIIII
Measure +: IIIIIIIIIIZIIII
Measure +: IIIIIIIIIIIYIII
Measure +: IZIIIIIIIIIIZII
Measure +: IIIIIIIIIIIIIYI
Measure +: IIIIIIIIIIIIIIZ
