Rotate 1: IIIIIIIIIIIIIIZ
Rotate 1: IXIIIIIIIIIIIII
Rotate -1: IXIIIIIIIIIIZII
Rotate -1: IIIIIIIIIIIIZIZ
Rotate -1: IXIIIIIIIIIIIIZ
Rotate 1: IXIIIIIIIIIIZIZ
Rotate 1: XIIIIIIIIIIIIII
Rotate -1: XIIIIIIIIIIIZII
Rotate -1: IIIIIIIXIIIIZII
Rotate -1: IIIIIIIIIXIIZII
Rotate -1: IIIIIIIIIIIXZII
Rotate 1: IIZIIIIIIIIIIII
Rotate -1: IIIXIIIIIIIIIZI
Rotate 1: IIIIXIIIIIIIIII
Rotate -1: IIIIXIIIIIIIIZI
Rotate -1: IIIIIIXIIIIIIZI
Rotate -1: IIIIIIIIXIIIIZI
Rotate -1: IIIIIIIIIIXIIZI
Rotate 1: IIIIIXIIIIIIIII
Rotate 1: IIIIIIIIXIIIIII
Rotate 1: IIIIIIIIIXIIIII
Rotate 1: IIIIIIXIIIIIIII
Rotate 1: IIIIIIIXIIIIIII
Rotate 1: IIIIIIIIIIXIIII
Rotate -1: XZIIIIIIIIIIIII
Rotate 1: XZIIIIIIIIIIZII
Rotate -1: IZIIIIIXIIIIIII
Rotate 1: IZIIIIIXIIIIZII
Rotate -1: IZIIIIIIIXIIIII
Rotate 1: IZIIIIIIIXIIZII
Rotate -1: IZIIIIIIIIIXIII
Rotate 1: IZIIIIIIIIIXZII
Rotate 1: IZIIIIIIIIIIIII
Rotate 1: IIIIIIIIIIIIIIX
Rotate -1: IIIIIIIIIIIIZIX
Rotate -1: IZIIIIIIIIIIZII
Rotate -1: IZIIIIIIIIIIIIX
Rotate 1: IZIIIIIIIIIIZIX
Rotate 1: ZIIIIIIIIIIIIII
Rotate -1: ZIZIIIIIIIIIIII
Rotate 1: IXIIIIIIIIIIIII
Rotate -1: IXZIIIIIIIIIIII
Rotate -1: ZXIIIIIIIIIIIII
Rotate 1: ZXZIIIIIIIIIIII
Rotate 1: IIIIIIIIIIIIYZI
Rotate -1: IIIXIIIIIIIIIIZ
Rotate -1: IIIIIXIIIIIIIIZ
Rotate -1: IIIIIIXIIIIIIIZ
Rotate -1: IIIIIIIXIIIIIIZ
Rotate -1: IIIIIIIIIXIIIIZ
Rotate -1: IIIIIIIIIIIXIIZ
Rotate 1: IIIIIIIIIIIIIIZ
Rotate -1: XZIIIIIIIIIIIII
Rotate 1: XZIIIIIIIIIIIZI
Rotate 1: XIIIIIIIIIIIIII
Rotate -1: XIIIIIIIIIIIIZI
Rotate 1: IIXIIIIIIIIIIII
Rotate -1: IIXIIIIIIIIIIZI
Rotate -1: IZXIIIIIIIIIIII
Rotate 1: IZXIIIIIIIIIIZI
Rotate -1: IZIXIIIIIIIIIII
Rotate 1: IZIXIIIIIIIIIZI
Rotate -1: IZIIXIIIIIIIIII
Rotate 1: IZIIXIIIIIIIIZI
Rotate -1: IZIIIIXIIIIIIII
Rotate 1: IZIIIIXIIIIIIZI
Rotate -1: IZIIIIIIXIIIIII
Rotate 1: IZIIIIIIXIIIIZI
Rotate -1: IZIIIIIIIIXIIII
Rotate 1: IZIIIIIIIIXIIZI
Rotate -1: IZIIIIIIIIIIYZI
Rotate 1: IZIIIIIIIIIIIII
Rotate 1: ZIIIIIIIIIIIIII
Rotate -1: ZZIIIIIIIIIIIII
Rotate 1: ZIIIIIIIIIIIYII
Rotate -1: ZZIIIIIIIIIIYII
Rotate -1: IIIIIIIIIIIIIXZ
Rotate 1: IIZIIIIIIIIIIII
Rotate 1: IIIIZIIIIIIIIII
Rotate -1: IIIIZIIIIIIIIXI
Rotate -1: IIZIZIIIIIIIIII
Rotate -1: IIZIIIIIIIIIIXI
Rotate 1: IIZIZIIIIIIIIXI
Rotate -1: XZIIIIIIIIIIZII
Rotate -1: XIIIIIIIIIIIIIZ
Rotate 1: XZIIIIIIIIIIZIZ
Rotate -1: IXIIIIIIIIIIXII
Rotate 1: IYIIIIIIIIIIYIZ
Rotate 1: IXIIIIIIIIIIXIZ
Rotate -1: IZIXIIIIIIIIZII
Rotate 1: IZIXIIIIIIIIZIZ
Rotate 1: IZIIIXIIIIIIZIZ
Rotate 1: IZIIIIXIIIIIZIZ
Rotate 1: IZIIIIIXIIIIZIZ
Rotate -1: IZIIIIIIIXIIZII
Rotate 1: IZIIIIIIIXIIZIZ
Rotate -1: IZIIIIIIIIIXZII
Rotate 1: IZIIIIIIIIIXZIZ
Rotate -1: IZIIIIIIIIIIZXI
Rotate -1: IZIIIIIIIIIIZIZ
Rotate 1: IZIIIIIIIIIIZXZ
Rotate 1: IIXIIIIIIIIIIII
Rotate -1: IZXIIIIIIIIIZII
Rotate -1: IZIIXIIIIIIIZII
Rotate -1: IIXIIIIIIIIIIYI
Rotate 1: IZXIIIIIIIIIZYI
Rotate 1: IZIIXIIIIIIIZYI
Rotate 1: IZIIIXIIIIIIZYI
Rotate 1: IZIIIIXIIIIIZYI
Rotate -1: IZIIIIIIIIIIZYI
Rotate -1: IIIIIIIXIIIIIYI
Rotate 1: IZIIIIIXIIIIZYI
Rotate 1: IIIYIIIIIIIIIII
Rotate 1: IIIIIIIIIIIIIIX
Rotate -1: IIIYIIIIIIIIIIX
Rotate -1: IIIIIIIIXIIIIYI
Rotate -1: IIIIIIIIIIIXIYI
Rotate 1: IIIIIIIIIIIIIYI
Rotate 1: IIZIIIIIIIIIIII
Rotate -1: IIZYIIIIIIIIIII
Rotate -1: IIZIIIIIIIIIIIX
Rotate 1: IIZYIIIIIIIIIIX
Rotate -1: IIIIIXXXIIIIYYI
Rotate -1: IIXIIIIIIIIIIYI
Rotate -1: IIXIIIIIIIIIIIZ
Rotate 1: IIXIIIIIIIIIIYZ
Rotate -1: IIIXIIIIIIIIIYI
Rotate -1: IIIXIIIIIIIIIIZ
Rotate 1: IIIXIIIIIIIIIYZ
Rotate -1: IIIIXIIIIIIIIIZ
Rotate 1: IIIIXIIIIIIIIYZ
Rotate -1: IIIIIXIIIIIIIIZ
Rotate 1: IIIIIXIIIIIIIYZ
Rotate -1: IIIIIIXIIIIIIIZ
Rotate 1: IIIIIIXIIIIIIYZ
Rotate -1: IIIIIIIIXIIIIIZ
Rotate 1: IIIIIIIIXIIIIYZ
Rotate -1: IIIIIIIIIIIXIIZ
Rotate 1: IIIIIIIIIIIXIYZ
Rotate -1: IIIIIXXXIIIIYIZ
Rotate 1: IIIIIXXXIIIIYYZ
Rotate 1: XZIIIYIIIIIIZYI
Rotate -1: XIIIZIIIIIIIIYI
Rotate -1: XZIIZYIIIIIIZII
Rotate -1: IZIIIZXXIIIIXYI
Rotate -1: IIIIZXXXIIIIYYI
Rotate 1: IZIIZZXXIIIIXII
Rotate -1: IIIIXZXXIIIIYYI
Rotate -1: YZIIIXXXIIIIXII
Rotate 1: YIIIXZXXIIIIYYI
Rotate 1: IZIIZIXXIIIIXYI
Rotate -1: YZIIZIXXIIIIXYI
Rotate 1: IZIIIXXIIIIIXII
Rotate -1: YZIIIXXIIIIIXII
Rotate 1: IZIIIXXXXIIIXII
Rotate -1: YIIIIIIIXIIIIII
Rotate -1: YZIIIXXXXIIIXII
Rotate 1: IZIIIXXXIXIIXII
Rotate -1: YIIIIIIIIXIIIII
Rotate -1: YZIIIXXXIXIIXII
Rotate 1: IZIIIXXXIIXIXII
Rotate -1: YZIIIXXXIIXIXII
Rotate -1: IZIIIXXXIIIIXII
Rotate 1: IZIIIXXXIIIXXII
Rotate -1: YIIIIIIIIIIXIII
Rotate -1: YZIIIXXXIIIXXII
Rotate 1: YYIIIIIIIIIIYII
Rotate -1: YIXIIIIIIIIIIII
Rotate -1: YIIXIIIIIIIIIII
Rotate 1: IIIIZXIIIIIIIYI
Rotate -1: YIIIZXIIIIIIIYI
Rotate -1: YIIIIIXIIIIIIII
Rotate 1: YIIIIIIIIIIIIII
Rotate -1: IYIIIIIIIIIZYII
Rotate 1: YYIIIIIIIIIZYII
Rotate 1: IIXIIIIIIIIZIII
Rotate -1: YIXIIIIIIIIZIII
Rotate 1: IIIXIIIIIIIZIII
Rotate -1: YIIXIIIIIIIZIII
Rotate 1: IIIIZXIIIIIZIYI
Rotate -1: YIIIZXIIIIIZIYI
Rotate -1: IIIIIIIIIIIZIII
Rotate 1: IIIIIIIIIIIZIIX
Rotate 1: YIIIIIIIIIIZIII
Rotate -1: YIIIIIIIIIIZIIX
Rotate -1: IZIIIIIIIIIIZII
Rotate 1: IIYIIIIIIIIIIII
Rotate -1: IIYIIIIIIIIIIIX
Rotate -1: YIYIIIIIIIIIIII
Rotate 1: YIYIIIIIIIIIIIX
Rotate 1: IIIIIIIIIIIXIII
Rotate -1: YIIIIIIIIIIXIII
Rotate -1: YIXIIIIIIIIIIIZ
Rotate 1: IIXIIIIIIIIIIIZ
Rotate 1: IIXIIIIIIIIIIII
Rotate 1: IIIIIIIIIIIIIIZ
Rotate -1: YIXIIIIIIIIIIII
Rotate 1: YZIIXYIIIIIIZYZ
Rotate -1: IZIIXYIIIIIIZYZ
Rotate -1: YIIIZXIIIIIIIYZ
Rotate 1: IIIIZXIIIIIIIYZ
Rotate -1: YIIIIIXIIIIIIIZ
Rotate 1: IIIIIIXIIIIIIIZ
Rotate -1: YIIIIIIXIIIIIIZ
Rotate 1: IIIIIIIXIIIIIIZ
Rotate -1: YIIIIIIIIIXIIIZ
Rotate 1: IIIIIIIIIIXIIIZ
Rotate -1: YIIIIIIIIIIXIIZ
Rotate 1: IIIIIIIIIIIXIIZ
Measure +: YIIIIIIIIIIIIII
Measure +: IXIIIIIIIIIIYII
Measure +: IIYIIIIIIIIIIII
Measure -: IIIZIIIIIIIIIII
Measure +: YIIIZIIIIIIIIYI
Measure -: YZIIIYIIIIIIZYI
Measure +: IZIIIIZIIIIIZYI
Measure +: YZIIIIIZIIIIZII
Measure +: IIIIIIIIYIIIIII
Measure +: IIIIIIIIIYIIIII
Measure +: YIIIIIIIIIZIIII
Measure -: IIIIIIIIIIIZIII
Measure -: IZIIIIIIIIIIZII
Measure +: IIIIIIIIIIIIIYI
Measure +: YIIIIIIIIIIIIIZ
