Rotate 1: IIIIIIIIIIIIIIZ
Rotate 1: IXIIIIIIIIIIIII
Rotate -1: IXIIIIIIIIIIZII
Rotate -1: IIIIIIIIIIIIZIZ
Rotate -1: IXIIIIIIIIIIIIZ
Rotate 1: IXIIIIIIIIIIZIZ
Rotate 1: XIIIIIIIIIIIIII
Rotate -1: XIIIIIIIIIIIZII
Rotate -1: IIIIIIIXIIIIZII
Rotate -1: IIIIIIIIIXIIZII
Rotate -1: IIIIIIIIIIIXZII
Rotate 1: IIZIIIIIIIIIIII
Rotate -1: IIIXIIIIIIIIIZI
Rotate 1: IIIIXIIIIIIIIII
Rotate -1: IIIIXIIIIIIIIZI
Rotate -1: IIIIIIXIIIIIIZI
Rotate -1: IIIIIIIIXIIIIZI
Rotate -1: IIIIIIIIIIXIIZI
Rotate 1: IIIIIXIIIIIIIII
Rotate 1: IIIIIIIXIIIIIII
Rotate 1: IIIIIIXIIIIIIII
Rotate 1: IIIIIIIIXIIIIII
Rotate -1: XZIIIIIIIIIIIII
Rotate 1: XZIIIIIIIIIIZII
Rotate -1: IZIIIIIXIIIIIII
Rotate 1: IZIIIIIXIIIIZII
Rotate -1: IZIIIIIIIXIIIII
Rotate 1: IZIIIIIIIXIIZII
Rotate -1: IZIIIIIIIIIXIII
Rotate 1: IZIIIIIIIIIXZII
Rotate 1: IZIIIIIIIIIIIII
Rotate 1: IIIIIIIIIIIIIIX
Rotate -1: IIIIIIIIIIIIZIX
Rotate -1: IZIIIIIIIIIIZII
Rotate -1: IZIIIIIIIIIIIIX
Rotate 1: IZIIIIIIIIIIZIX
Rotate 1: ZIIIIIIIIIIIIII
Rotate 1: IXIIIIIIIIIIIII
Rotate -1: IXZIIIIIIIIIIII
Rotate -1: ZIZIIIIIIIIIIII
Rotate -1: ZXIIIIIIIIIIIII
Rotate 1: ZXZIIIIIIIIIIII
Rotate 1: IIIIIIIIIIIIYZI
Rotate -1: IIIXIIIIIIIIIIZ
Rotate -1: IIIIIXIIIIIIIIZ
Rotate -1: IIIIIIXIIIIIIIZ
Rotate -1: IIIIIIIXIIIIIIZ
Rotate -1: IIIIIIIIIXIIIIZ
Rotate -1: IIIIIIIIIIIXIIZ
Rotate 1: IIIIIIIIIIIIIIZ
Rotate 1: XIIIIIIIIIIIIII
Rotate -1: XIIIIIIIIIIIIZI
Rotate -1: XZIIIIIIIIIIIII
Rotate 1: XZIIIIIIIIIIIZI
Rotate 1: IIXIIIIIIIIIIII
Rotate -1: IIXIIIIIIIIIIZI
Rotate -1: IZXIIIIIIIIIIII
Rotate 1: IZXIIIIIIIIIIZI
Rotate -1: IZIXIIIIIIIIIII
Rotate 1: IZIXIIIIIIIIIZI
Rotate -1: IZIIXIIIIIIIIII
Rotate 1: IZIIXIIIIIIIIZI
Rotate -1: IZIIIIXIIIIIIII
Rotate 1: IZIIIIXIIIIIIZI
Rotate -1: IZIIIIIIXIIIIII
Rotate 1: IZIIIIIIXIIIIZI
Rotate -1: IZIIIIIIIIXIIII
Rotate 1: IZIIIIIIIIXIIZI
Rotate -1: IZIIIIIIIIIIYZI
Rotate 1: IZIIIIIIIIIIIII
Rotate 1: ZIIIIIIIIIIIIII
Rotate -1: ZZIIIIIIIIIIIII
Rotate 1: ZIIIIIIIIIIIYII
Rotate -1: ZZIIIIIIIIIIYII
Rotate -1: IIIIIIIIIIIIIXZ
Rotate 1: IIZIIIIIIIIIIII
Rotate 1: IIIIZIIIIIIIIII
Rotate -1: IIIIZIIIIIIIIXI
Rotate -1: IIZIZIIIIIIIIII
Rotate -1: IIZIIIIIIIIIIXI
Rotate 1: IIZIZIIIIIIIIXI
Rotate -1: XZIIIIIIIIIIZII
Rotate -1: XIIIIIIIIIIIIIZ
Rotate 1: XZIIIIIIIIIIZIZ
Rotate -1: IXIIIIIIIIIIXII
Rotate 1: IYIIIIIIIIIIYIZ
Rotate 1: IXIIIIIIIIIIXIZ
Rotate -1: IZIXIIIIIIIIZII
Rotate 1: IZIXIIIIIIIIZIZ
Rotate 1: IZIIIXIIIIIIZIZ
Rotate 1: IZIIIIXIIIIIZIZ
Rotate 1: IZIIIIIXIIIIZIZ
Rotate -1: IZIIIIIIIXIIZII
Rotate 1: IZIIIIIIIXIIZIZ
Rotate -1: IZIIIIIIIIIXZII
Rotate 1: IZIIIIIIIIIXZIZ
Rotate -1: IZIIIIIIIIIIZXI
Rotate -1: IZIIIIIIIIIIZIZ
Rotate 1: IZIIIIIIIIIIZXZ
Rotate 1: IIXIIIIIIIIIIII
Rotate -1: IZXIIIIIIIIIZII
Rotate -1: IZIIXIIIIIIIZII
Rotate 1: IIIYIIIIIIIIIII
Rotate -1: IIXIIIIIIIIIIYI
Rotate 1: IZXIIIIIIIIIZYI
Rotate 1: IZIIXIIIIIIIZYI
Rotate 1: IZIIIXIIIIIIZYI
Rotate 1: IZIIIIXIIIIIZYI
Rotate -1: IZIIIIIIIIIIZYI
Rotate -1: IIIIIIIXIIIIIYI
Rotate 1: IZIIIIIXIIIIZYI
Rotate 1: IIIIIIIIIIIIIIX
Rotate -1: IIIYIIIIIIIIIIX
Rotate -1: IIIIIIIIIIIXIYI
Rotate 1: IIIIIIIIIIIIIYI
Rotate 1: IIZIIIIIIIIIIII
Rotate -1: IIZYIIIIIIIIIII
Rotate -1: IIZIIIIIIIIIIIX
Rotate 1: IIZYIIIIIIIIIIX
Rotate -1: IIIIIXXXIIIIYYI
Rotate -1: IIXIIIIIIIIIIYI
Rotate -1: IIXIIIIIIIIIIIZ
Rotate 1: IIXIIIIIIIIIIYZ
Rotate -1: IIIXIIIIIIIIIYI
Rotate -1: IIIXIIIIIIIIIIZ
Rotate 1: IIIXIIIIIIIIIYZ
Rotate -1: IIIIXIIIIIIIIIZ
Rotate 1: IIIIXIIIIIIIIYZ
Rotate -1: IIIIIXIIIIIIIIZ
Rotate 1: IIIIIXIIIIIIIYZ
Rotate -1: IIIIIIXIIIIIIIZ
Rotate 1: IIIIIIXIIIIIIYZ
Rotate -1: IIIIIIIIXIIIIIZ
Rotate 1: IIIIIIIIXIIIIYZ
Rotate -1: IIIIIIIIIIIXIIZ
Rotate 1: IIIIIIIIIIIXIYZ
Rotate -1: IIIIIXXXIIIIYIZ
Rotate 1: IIIIIXXXIIIIYYZ
Rotate 1: XZIIIYIIIIIIZYI
Rotate -1: XIIIZIIIIIIIIYI
Rotate -1: XZIIZYIIIIIIZII
Rotate -1: IZIIIZXXIIIIXYI
Rotate -1: IIIIZXXXIIIIYYI
Rotate 1: IZIIZZXXIIIIXII
Rotate -1: IIIIXZXXIIIIYYI
Rotate -1: YZIIIXXXIIIIXII
Rotate 1: YIIIXZXXIIIIYYI
Rotate 1: IZIIZIXXIIIIXYI
Rotate -1: YZIIZIXXIIIIXYI
Rotate 1: IZIIIXXIIIIIXII
Rotate -1: YZIIIXXIIIIIXII
Rotate 1: IZIIIXXXXIIIXII
Rotate -1: YIIIIIIIXIIIIII
Rotate -1: YZIIIXXXXIIIXII
Rotate 1: IZIIIXXXIXIIXII
Rotate -1: YIIIIIIIIXIIIII
Rotate -1: YZIIIXXXIXIIXII
Rotate 1: IZIIIXXXIIXIXII
Rotate -1: YZIIIXXXIIXIXII
Rotate -1: IZIIIXXXIIIIXII
Rotate 1: IZIIIXXXIIIXXII
Rotate -1: YIIIIIIIIIIXIII
Rotate -1: YZIIIXXXIIIXXII
Rotate 1: YYIIIIIIIIIIYII
Rotate -1: YIXIIIIIIIIIIII
Rotate -1: YIIXIIIIIIIIIII
Rotate 1: IIIIZXIIIIIIIYI
Rotate -1: YIIIZXIIIIIIIYI
Rotate -1: YIIIIIXIIIIIIII
Rotate 1: YIIIIIIIIIIIIII
Rotate -1: IZIIXYIIIIIIZYI
Rotate -1: IYIIIIIIIIIZYII
Rotate 1: YYIIIIIIIIIZYII
Rotate 1: IIXIIIIIIIIZIII
Rotate -1: YIXIIIIIIIIZIII
Rotate 1: IIIXIIIIIIIZIII
Rotate -1: YIIXIIIIIIIZIII
Rotate 1: IIIIZXIIIIIZIYI
Rotate -1: YIIIZXIIIIIZIYI
Rotate -1: IIIIIIIIIIIZIII
Rotate 1: IIIIIIIIIIIZIIX
Rotate 1: YIIIIIIIIIIZIII
Rotate -1: YIIIIIIIIIIZIIX
Rotate -1: IZIIIIIIIIIIZII
Rotate 1: YZIIIIIIIIIIZII
Rotate 1: IIYIIIIIIIIIIII
Rotate -1: IIYIIIIIIIIIIIX
Rotate -1: YIYIIIIIIIIIIII
Rotate 1: YIYIIIIIIIIIIIX
Rotate -1: YIIIIIIIIIIXIII
Rotate 1: IXIIIIIIIIIIYII
Rotate 1: IIXIIIIIIIIIIII
Rotate -1: YIXIIIIIIIIIIIZ
Rotate -1: YIXIIIIIIIIIIII
Rotate 1: IIXIIIIIIIIIIIZ
Rotate 1: YZIIXYIIIIIIZYZ
Rotate -1: IZIIXYIIIIIIZYZ
Rotate -1: YIIIZXIIIIIIIYZ
Rotate 1: IIIIZXIIIIIIIYZ
Rotate -1: YIIIIIXIIIIIIIZ
Rotate 1: IIIIIIXIIIIIIIZ
Rotate -1: YIIIIIIXIIIIIIZ
Rotate 1: IIIIIIIXIIIIIIZ
Rotate -1: YIIIIIIIIIXIIIZ
Rotate 1: IIIIIIIIIIXIIIZ
Rotate -1: YIIIIIIIIIIXIIZ
Rotate 1: IIIIIIIIIIIXIIZ
Rotate 1: YZIIIIIIIIIIZIZ
Rotate -1: IZIIIIIIIIIIZIZ
Rotate 1: YZIIIIIZIIIIZII
Rotate -1: YYIIIIIZIIIIXII
Rotate -1: ZZIIYZIXIIXIZIX
Rotate -1: XIIIYZIYIIXIIIX
Rotate 1: ZYIIYZIXIIXIXIX
Rotate 1: XXIIYZIYIIXIYIX
Rotate 1: IIIIIIIIIIIIIIX
Rotate -1: IZIIIXXXIIIIXII
Rotate 1: IIYIIIIIIIIIIII
Rotate 1: IYIIIIIIIIIIYYI
Rotate 1: YYIIIIIIIIIIYII
Rotate -1: YYIIIIIIIIIIYYI
Rotate -1: IIIIIIIXIIIIIYI
Rotate -1: YIIIIIIXIIIIIII
Rotate 1: YIIIIIIXIIIIIYI
Rotate -1: YIIIIIIIXIIIIII
Rotate 1: YIIIIIIIXIIIIYI
Rotate -1: YIIIIIIIIIIXIII
Rotate 1: YIIIIIIIIIIXIYI
Rotate 1: YXIIIYIIIIIIXYI
Rotate -1: IYIZIIIIIIIIYII
Rotate 1: YXIZIYIIIIIIXYI
Rotate -1: ZZIIYZIXIIXIZIX
Rotate 1: XIIIYXIXIIXIIYX
Rotate -1: ZZIZYZIXIIXIZIX
Rotate 1: XIIZYXIXIIXIIYX
Rotate 1: IZIIIIXIIIIIIII
Rotate 1: IZIIIIIIIIIIIIX
Rotate -1: IIIIIXXXIIIIXII
Rotate 1: IIIIIXXXIIIXXII
Rotate -1: YZIXIYIIIIIIZYI
Rotate -1: YIIXIYIIIIIIZYI
Rotate 1: IZIXIYIIIIIIZYI
Rotate 1: IIIXIYIIIIIIZYI
Rotate -1: IZIZZXIIIIIIIYI
Rotate 1: YIIZZXIIIIIIIYI
Rotate 1: YZIZZXIIIIIIIYI
Rotate -1: YIIIIIXIIIIIIII
Rotate -1: YZIIIIXIIIIIIII
Rotate -1: YIIIIIIIIIIXIII
Rotate -1: YZIIIIIIIIIXIII
Rotate 1: YZIIIIIIIIIIIII
Rotate -1: YIIIIIIIIIIIIIX
Rotate -1: YZIIIIIIIIIIIIX
Rotate -1: YIIIIIIIIIIIIYI
Rotate -1: YIYIIIIIIIIIIII
Rotate -1: IIIZIIIIIIIIIII
Rotate -1: IYIIIIIIIIIXYII
Rotate -1: IXIIIXXXIIIXZII
Rotate 1: YYIIIIIIIIIXYIZ
Rotate 1: YXIIIXXXIIIXZIZ
Rotate -1: YIIIIIIIIIIXIIZ
Rotate -1: YZIIIXXXIIIXXIZ
Rotate -1: IZIIIXXXIIIIXIX
Rotate 1: IZIIIXXXIIIIXYX
Rotate -1: IIIIIXXXIIIIXIX
Rotate 1: IIIIIXXXIIIIXYX
Rotate -1: YIIIIXXXIIIXYIZ
Rotate 1: YIIIIXXXIIIXYYZ
Rotate -1: YZIIIXXXIIIXYIZ
Rotate 1: YZIIIXXXIIIXYYZ
Rotate -1: IZIIIIIIIIIIIII
Rotate 1: IZIIIIIIIIIIIYI
Rotate 1: IZIIIIIIIIIXIII
Rotate -1: IZIIIIIIIIIXIYI
Rotate -1: YIIIIIIIIIIXIIZ
Rotate 1: YIIIIIIIIIIXIYZ
Rotate 1: YIIIIIIIIIIIIIZ
Rotate -1: IIIIIIIIIIIIIIZ
Rotate -1: IXIIIXXXIIIXZYI
Rotate 1: IXIIIXXXIIIXZII
Rotate 1: IZIIIXXXIIIXXII
Rotate -1: IZIIIXXXIIIXXYI
Rotate 1: YYIIIIIIIIIXYYZ
Rotate -1: YYIIIIIIIIIXYIZ
Rotate 1: IIIIIXXXIIIXYYI
Rotate -1: YIIIIXXXIIIXYYI
Rotate 1: YIIIIXXXIIIXYIZ
Rotate -1: IIIIIXXXIIIXYIZ
Rotate -1: IIIIIXXXIIIZXII
Rotate 1: YIIIIXXXIIIZXII
Rotate -1: IZIIIIIIIIIZIYX
Rotate 1: YZIIIIIIIIIZIYX
Rotate -1: IIIIIXXXIIIIXIX
Rotate 1: YIIIIXXXIIIIXIX
Rotate -1: YYIIXXXIXIIYYZZ
Rotate 1: IYIIXXXIXIIYYZZ
Rotate -1: YXIIXIIXXIIXZXZ
Rotate 1: IXIIXIIXXIIXZXZ
Rotate -1: YZIIIXXXIIIIXII
Rotate 1: IZIIIXXXIIIIXII
Rotate -1: YYIIIIIIIIIXYYI
Rotate -1: IXIIIXXXIIIXZYI
Rotate 1: IYIIIIIIIIIXYYI
Rotate 1: YXIIIXXXIIIXZYI
Rotate 1: IIIIIIIIIIIIIIZ
Rotate -1: YIIIIIIIIIIIIYZ
Rotate -1: YIIIIXXXIIIXYYZ
Rotate 1: YIIIIIIIIIIYZYZ
Rotate 1: IIIIIXXXIIIXYYZ
Rotate -1: IIIIIIIIIIIYZYZ
Rotate -1: IZIIIIIIIIIIIYI
Rotate 1: YZIIIIIIIIIIIYI
Rotate 1: YIIIIIIIIIIXIII
Rotate 1: YZIIIIIIIIIXIYI
Rotate -1: IIIIIIIIIIIXIII
Rotate -1: IZIIIIIIIIIXIYI
Rotate -1: YZIZIXXXIIIIXII
Rotate 1: YYYIIIIIIIIXYYI
Rotate -1: IYYIIIIIIIIXYYI
Rotate -1: IZIIXZXXIIIZYYI
Rotate -1: IIIZZIXXIIIZXYI
Rotate 1: IIIIIXIXIIIZXII
Rotate 1: IIIIIXXIIIIZXII
Rotate 1: IIIIIXXXXIIZXII
Rotate 1: IIIIIXXXIXIZXII
Rotate 1: IIIIIXXXIIXZXII
Rotate 1: IIXZIIIIIIIIIII
Rotate 1: YZXZIXXXIIIIXII
Rotate -1: YZIXIYIIIIIIZYI
Rotate 1: IZIXIYIIIIIIZII
Rotate 1: YZIXIYIIIIIIZYZ
Rotate -1: IZIXIYIIIIIIZIZ
Rotate 1: IIXZIIIIIIIIIII
Rotate 1: YZXZIXXXIIIIXII
Rotate -1: YZYIIXXXIIIIXII
Rotate -1: IXYIIXXXIIIXZYI
Rotate 1: IZYIIXXXIIIIXII
Rotate 1: YXYIIXXXIIIXZYI
Rotate 1: IIXZIIIIIIIIIII
Rotate 1: YZXZIXXXIIIIXII
Rotate 1: IIXIIIIIIIIIIII
Rotate 1: IIXIIXXXIIIZXII
Rotate 1: YZXIIIIIIIIIIYI
Rotate 1: YZXIIXXXIIIZXYI
Rotate -1: YIIIXYIIIIIIZII
Rotate -1: YIIIXZXXIIIZYII
Rotate -1: YZIZZXIIIIIIIII
Rotate -1: YZIZZIXXIIIZXII
Rotate 1: YZIIIIXIIIIIIYI
Rotate 1: YZIIIXIXIIIZXYI
Rotate 1: YZIIIIIXIIIIIYI
Rotate 1: YZIIIXXIIIIZXYI
Rotate 1: YZIIIIIIXIIIIYI
Rotate 1: YZIIIXXXXIIZXYI
Rotate 1: YZIIIIIIIXIIIYI
Rotate 1: YZIIIXXXIXIZXYI
Rotate -1: YZIIIXXXIIIZXYI
Rotate 1: YZIIIIIIIIXIIYI
Rotate 1: YZIIIXXXIIXZXYI
Rotate -1: ZIIIZYXXXIXYIXI
Rotate 1: IIIXIZXXIIIIYYI
Rotate -1: YIIXIZXXIIIIYII
Rotate -1: IIIXIZXXIIIIYYZ
Rotate 1: YIIXIZXXIIIIYIZ
Rotate 1: YIIIIIYIIIIIZII
Rotate -1: ZZIIZYZXXIXYZZI
Rotate 1: YIIIZIIIIIIIIYI
Rotate 1: YIIIZIIIIZIIIYI
Rotate -1: YZIZZZIIIIIIZII
Rotate 1: IZIZZZIIIIYIZII
Rotate 1: IZIIIIYIIIIIZYI
Rotate 1: YZIIIIIYIIIIZII
Rotate 1: IIIIIIIIYIIIIYI
Rotate -1: IIIIIIIIIZIIIII
Rotate -1: IIIZIIIIIIIIIII
Rotate 1: IIXZIIIIIIIIIII
Rotate -1: YZIZIXXXIIIIXII
Rotate 1: YZXZIXXXIIIIXII
Rotate 1: IIIXIZXXIIIIYYI
Rotate 1: IIIXIYIIIIIZZYI
Rotate 1: YZIXIZXXIIIIYII
Rotate 1: YZIXIYIIIIIZZII
Rotate -1: IZIZIIIIIIIXZYZ
Rotate 1: YZIZIIIIIIIXZIZ
Rotate 1: IZIZIIIIIIIXZYI
Rotate -1: YZIZIIIIIIIXZII
Rotate 1: IIYIIIIIIIIIIII
Rotate -1: YZYIIIIYIIIIZII
Rotate -1: IIIZIIIIIIIIIII
Rotate 1: IIIZIIIIYIIIIYI
Rotate -1: IXYIIIIIIIIXYII
Rotate 1: YYYIIIIYIIIXXII
Rotate 1: YIIIIXZXIIIIYYX
Rotate 1: IIXZIIIIIIIIIII
Rotate -1: IIXZIIIIYIIIIYI
Rotate -1: YIIXZZXXIIIIYII
Rotate -1: YIIXZZXXIZIIYII
Rotate -1: YIIZYXIIIIIIIYI
Rotate 1: IIIZYXIIIIYIIYI
Rotate -1: IIIZZXIIIIIIIYI
Rotate -1: IIIZZIXXIIIZXYI
Rotate -1: YZIZZIXXIIIIXYI
Rotate -1: YZIZZXIIIIIZIYI
Rotate -1: YIIZYXIIIIIIIYI
Rotate 1: IIIZYXIIIIYIIYI
Rotate -1: IIIXZZXXIIYIYII
Rotate -1: IIIXZZXXIZYIYII
Rotate -1: IIXZIIIIIZIIIII
Rotate 1: IIXZIIIIYZIIIYI
Rotate -1: IXYIIIIIYIIXYYI
Rotate 1: YYYIIIIYYIIXXYI
Rotate -1: IIIIIIIYIIIIZYI
Rotate -1: XZIIZYXZXIXYZXI
Rotate 1: IZIIIIYYIIIIIII
Rotate -1: XIIIZYZZXIXYIZI
Rotate -1: IXYIIIIIYIIXYYI
Rotate 1: YYYIIIIYYIIXXYI
Rotate -1: YIIIIIIIIIIIIII
Rotate -1: IZIIIXXXIIIIXIX
Rotate -1: YZXZIIIYIZIIZII
Rotate 1: YZXZIIIYYZIIZYI
Rotate -1: ZIIIZYIZXIXYZZI
Rotate -1: IIIXZZXXYIYIYYI
Rotate -1: IIIXZZXXYZYIYYI
Rotate 1: YIIZYXIIIZIIIYI
Rotate -1: IIIZYXIIIZYIIYI
Rotate -1: YIIZZXIIIIYIIYI
Rotate -1: YIIZZIXXIIYZXYI
Rotate -1: IZIZZIXXIIYIXYI
Rotate -1: IZIZZXIIIIYZIYI
Rotate 1: YIIZYXIIIZIIIYI
Rotate -1: IIIZYXIIIZYIIYI
Rotate -1: YIIXZZXXYIIIYYI
Rotate 1: YIIIZIIIIZIIIYI
Rotate -1: YIIXZZXXYZIIYYI
Rotate 1: YZXZIIIYIIIIZII
Rotate 1: IIIZIIIIYIIIIYI
Rotate -1: YZXZIIIYYIIIZYI
Rotate -1: IIIZIIIIIZIIIII
Rotate -1: IXYIIIIIIIIXYII
Rotate -1: YZYIIIIYIIIIZII
Rotate 1: YYYIIIIYIIIXXII
Rotate -1: IIYIIIIIYIIIIYI
Rotate 1: IIIIIIIYIIIIZYI
Rotate 1: XZIIZYIZXIXYZXI
Rotate -1: YZIIIIIIIIIIIYI
Rotate 1: YZYIIIIZIIIIZII
Rotate -1: YZIIIIIZIIIIZII
Rotate -1: YZIZIIIYZIIIZYI
Rotate -1: YZIIIIIYZIIIZYI
Rotate -1: IIIIZIIIYYYIIII
Rotate 1: YIIIIIIIYYYIIYI
Rotate -1: YZIZIZIIYYYIZII
Rotate 1: IZIZZZIIYYYIZYI
Rotate -1: YZIZIIIYZIIIZYI
Rotate -1: YZIIIIIYZIIIZYI
Rotate -1: YZYZIIIZIIIIZII
Rotate 1: YZIZIIIZIIIIZII
Rotate -1: ZIYIZYIZXIXYZZI
Rotate 1: XZYIZYIZXIXYZXI
Rotate -1: YIIIIIYIIIIIZII
Rotate -1: IZIIIXZXIIIIYIX
Rotate 1: IZIIIIIIIIIIIYI
Rotate 1: YIIIIXXXIIIIXYX
Rotate -1: ZIYIZYIZXIXYZZI
Rotate 1: XZYIZYIZXIXYZXI
Rotate -1: XZIIZZIIXIXYXXX
Rotate 1: IIYZIIIZIIIIZYI
Rotate -1: IIIZIIIZIIIIZYI
Rotate -1: YZYZIIIYZIIIZYI
Rotate -1: YZYIIIIYZIIIZYI
Rotate 1: IIIZZIIIYYYIIII
Rotate -1: YIIZIIIIYYYIIYI
Rotate 1: YZIIIZIIYYYIZII
Rotate -1: IZIIZZIIYYYIZYI
Rotate -1: YZYZIIIYZIIIZYI
Rotate -1: IIIZIIIIIZIIIII
Rotate -1: YZYIIIIYZIIIZYI
Rotate 1: YIIIZIIIIZIIIYI
Rotate -1: IIYIIIIZIIIIZYI
Rotate -1: IIYIIIIIYIIIIYI
Rotate 1: IIIIIIIZIIIIZYI
Rotate 1: IIIZIIIIYIIIIYI
Rotate -1: ZIIIZYIZXIXYZZI
Rotate 1: IIIIIIIYIIIIZYI
Rotate 1: XZIIZYIZXIXYZXI
Rotate -1: YZYIIIIYIIIIZII
Rotate 1: YIIIIIYIIIIIZII
Rotate 1: XIIIZZYIXIXYYZX
Rotate 1: IZIIIIYIIIIIZYI
Rotate 1: YIIIIXZXIIIIYYX
Rotate -1: IXIIIIIYIIIXXYI
Rotate -1: YYIIIIIIIIIXYYI
Rotate 1: IIXIIIIYYIIIZII
Rotate -1: IIXIIIIYIIIIZYI
Rotate 1: YIYXZZXXYZIIYYI
Rotate 1: YIYXZZXXYIIIYYI
Rotate 1: YZIIYYIIIZIIZII
Rotate -1: IZIIYYIIIZYIZII
Rotate -1: YIIZIXIIIIIIIII
Rotate -1: YIIZIIXXIIIZXII
Rotate -1: IZIZIIXXIIIIXII
Rotate -1: IZIZIXIIIIIZIII
Rotate 1: YZIIYYIIIZIIZII
Rotate -1: IZIIYYIIIZYIZII
Rotate 1: IIYXZZXXYZYIYYI
Rotate 1: IIYXZZXXYIYIYYI
Rotate -1: IIXIIIIYYZIIZII
Rotate 1: IIXIIIIYIZIIZYI
Rotate -1: IXIIIIIYYIIXXII
Rotate -1: YYIIIIIIYIIXYII
Rotate -1: IIIIIIIYIIIIZYI
Rotate -1: ZIIIZZIYXIXYYXX
Rotate 1: IZIIIIYYIIIIIII
Rotate -1: ZZIIZZYYXIXYXZX
Rotate -1: IXIIIIIYYIIXXII
Rotate -1: YYIIIIIIYIIXYII
Rotate -1: YZIIIIYIIIIIZYI
Rotate -1: IIIIIXZXIIIIYYX
Rotate -1: YZXIIIIIYZIIIII
Rotate 1: YZXIIIIIIZIIIYI
Rotate 1: IIIIIXIZIIIIYIX
Rotate 1: IIYXZZXXIZYIYII
Rotate 1: IIYXZZXXIIYIYII
Rotate -1: YZIIYYIIIIIIZII
Rotate 1: IZIIYYIIIIYIZII
Rotate -1: IIIZIXIIIIYIIII
Rotate -1: IIIZIIXXIIYZXII
Rotate -1: YZIZIIXXIIYIXII
Rotate -1: YZIZIXIIIIYZIII
Rotate -1: YZIIYYIIIIIIZII
Rotate 1: IZIIYYIIIIYIZII
Rotate -1: IZIZIIIIIIIXZYZ
Rotate 1: YZIZIIIIIIIXZIZ
Rotate 1: YIYXZZXXIZIIYII
Rotate 1: YIIIZIIIIZIIIYI
Rotate 1: YIYXZZXXIIIIYII
Rotate 1: YZXIIIIIYIIIIII
Rotate 1: IIIZIIIIYIIIIYI
Rotate -1: YZXIIIIIIIIIIYI
Rotate -1: IIIZIIIIIZIIIII
Rotate -1: IXIIIIIYIIIXXYI
Rotate -1: YZYIIIIYIIIIZII
Rotate -1: YYIIIIIIIIIXYYI
Rotate -1: IIYIIIIIYIIIIYI
Rotate 1: IIIIIIIYIIIIZYI
Rotate 1: YZIIIXIZIIIIYYX
Rotate -1: YZIIIIIIIIIIIYI
Rotate -1: IIIIIIIZYIIIZII
Rotate 1: IIYIIIIZYIIIZII
Rotate -1: IIYIIIIIZZIIIYI
Rotate -1: IIYZIIIIZZIIIYI
Rotate 1: IIIZIIIIIYIIIII
Rotate -1: YIIZZIIIIYIIIYI
Rotate 1: YZIIZZIIIYIIZII
Rotate -1: IZIIIZIIIYIIZYI
Rotate -1: IIYIIIIIZZIIIYI
Rotate -1: IIYZIIIIZZIIIYI
Rotate 1: IIIZIIIZYIIIZII
Rotate -1: IIYZIIIZYIIIZII
Rotate 1: IIYIIXIZIIIIYIX
Rotate 1: YZYIIXIZIIIIYYX
Rotate -1: YIIIIIYIIIIIZII
Rotate -1: IZIIIXZXIIIIYIX
Rotate 1: IIIIIIYIIIIIZII
Rotate 1: YZIIIXZXIIIIYIX
Rotate 1: IIYIIXIZIIIIYIX
Rotate 1: YZYIIXIZIIIIYYX
Rotate -1: YZIIIIYIIIIIZIZ
Rotate 1: IIIZIIYIIIIXIII
Rotate -1: YIIZIIYIIIIXIYI
Rotate -1: ZIIIZYXXXIXYIXI
Rotate 1: IZIIIIYIIIIIZYZ
Rotate -1: YZIZIIIZYIIIZYI
Rotate 1: YZYZIIIZYIIIZYI
Rotate -1: IIIIIIIIZZIIIYI
Rotate -1: IIIZIIIIZZIIIYI
Rotate -1: IIIIIIIIIYIIIII
Rotate 1: YIIIZIIIIYIIIYI
Rotate -1: YZIZZZIIIYIIZII
Rotate 1: IZIZIZIIIYIIZYI
Rotate -1: IIIIIIIIZZIIIYI
Rotate -1: IIIZIIIIIZIIIII
Rotate -1: IIIZIIIIZZIIIYI
Rotate 1: YIIIZIIIIZIIIYI
Rotate 1: YZIIIIIZYIIIZYI
Rotate -1: IIYIIIIIYIIIIYI
Rotate -1: YZYIIIIZYIIIZYI
Rotate 1: IIIZIIIIYIIIIYI
Rotate 1: IIIIIXIZIIIIYIX
Rotate 1: IIIIIIIYIIIIZYI
Rotate 1: YZIIIXIZIIIIYYX
Rotate -1: YZYIIIIYIIIIZII
Rotate 1: YIIIIIYIIIIIZII
Rotate -1: ZZIIZYZXXIXYZZI
Rotate 1: IZIIIIYIIIIIZYI
Rotate 1: IXIIXIYXXIIXIZI
Rotate 1: IXYIIIIIIIIXYII
Rotate -1: YYYIIIIYIIIXXII
Rotate 1: IIXZIIIIIIIIIII
Rotate -1: IIXZIIIIYIIIIYI
Rotate -1: YIIXZZXXIIIIYII
Rotate -1: YIIXZZXXIZIIYII
Rotate 1: YIIZYXIIIIIIIYI
Rotate -1: IIIZYXIIIIYIIYI
Rotate -1: IIIZZXIIIIIIIYI
Rotate -1: IIIZZIXXIIIZXYI
Rotate -1: YZIZZIXXIIIIXYI
Rotate -1: YZIZZXIIIIIZIYI
Rotate 1: YIIZYXIIIIIIIYI
Rotate -1: IIIZYXIIIIYIIYI
Rotate -1: IIIXZZXXIIYIYII
Rotate -1: IIIXZZXXIZYIYII
Rotate -1: IIXZIIIIIZIIIII
Rotate 1: IIXZIIIIYZIIIYI
Rotate 1: IXYIIIIIYIIXYYI
Rotate -1: YYYIIIIYYIIXXYI
Rotate -1: IIIIIIIYIIIIZYI
Rotate -1: XZIIZYXZXIXYZXI
Rotate 1: IZIIIIYYIIIIIII
Rotate -1: XIIIZYZZXIXYIZI
Rotate 1: IXYIIIIIYIIXYYI
Rotate -1: YYYIIIIYYIIXXYI
Rotate -1: YIIIIIIIIIIIIII
Rotate 1: YYIIXIIXXIIXZXI
Rotate -1: YZXZIIIYIZIIZII
Rotate 1: YZXZIIIYYZIIZYI
Rotate 1: XZIIZZXYXIXYYZX
Rotate -1: IIIXZZXXYIYIYYI
Rotate -1: IIIXZZXXYZYIYYI
Rotate -1: YIIZYXIIIZIIIYI
Rotate 1: IIIZYXIIIZYIIYI
Rotate -1: YIIZZXIIIIYIIYI
Rotate -1: YIIZZIXXIIYZXYI
Rotate -1: IZIZZIXXIIYIXYI
Rotate -1: IZIZZXIIIIYZIYI
Rotate -1: YIIZYXIIIZIIIYI
Rotate 1: IIIZYXIIIZYIIYI
Rotate -1: YIIXZZXXYIIIYYI
Rotate 1: YIIIZIIIIZIIIYI
Rotate -1: YIIXZZXXYZIIYYI
Rotate 1: YZXZIIIYIIIIZII
Rotate 1: IIIZIIIIYIIIIYI
Rotate -1: YZXZIIIYYIIIZYI
Rotate -1: IIIZIIIIIZIIIII
Rotate 1: IXYIIIIIIIIXYII
Rotate -1: YZYIIIIYIIIIZII
Rotate -1: YYYIIIIYIIIXXII
Rotate -1: IIYIIIIIYIIIIYI
Rotate 1: IIIIIIIYIIIIZYI
Rotate 1: ZIIIZZXYXIXYYXX
Rotate -1: YZIIIIIIIIIIIYI
Rotate 1: YZYIIIIZIIIIZII
Rotate -1: YZIIIIIZIIIIZII
Rotate -1: YZIZIIIYZIIIZYI
Rotate -1: YZIIIIIYZIIIZYI
Rotate -1: IIIIZIIIYYYIIII
Rotate 1: YIIIIIIIYYYIIYI
Rotate -1: YZIZIZIIYYYIZII
Rotate 1: IZIZZZIIYYYIZYI
Rotate -1: YZIZIIIYZIIIZYI
Rotate -1: YZIIIIIYZIIIZYI
Rotate -1: YZYZIIIZIIIIZII
Rotate 1: YZIZIIIZIIIIZII
Rotate 1: XZYIZZXYXIXYYZX
Rotate 1: ZIYIZZXYXIXYYXX
Rotate -1: YIIIIIYIIIIIZII
Rotate 1: YYIIXIYXXIIXIXI
Rotate 1: IZIIIIIIIIIIIYI
Rotate 1: IXIIXIIXXIIXZZI
Rotate 1: XZYIZZXYXIXYYZX
Rotate 1: ZIYIZZXYXIXYYXX
Rotate -1: ZYIIYYXIIIXZZII
Rotate 1: IIYZIIIZIIIIZYI
Rotate -1: IIIZIIIZIIIIZYI
Rotate -1: YZYZIIIYZIIIZYI
Rotate -1: YZYIIIIYZIIIZYI
Rotate 1: IIIZZIIIYYYIIII
Rotate -1: YIIZIIIIYYYIIYI
Rotate 1: YZIIIZIIYYYIZII
Rotate -1: IZIIZZIIYYYIZYI
Rotate -1: YZYZIIIYZIIIZYI
Rotate -1: IIIZIIIIIZIIIII
Rotate -1: YZYIIIIYZIIIZYI
Rotate 1: YIIIZIIIIZIIIYI
Rotate -1: IIYIIIIZIIIIZYI
Rotate -1: IIYIIIIIYIIIIYI
Rotate 1: IIIIIIIZIIIIZYI
Rotate 1: IIIZIIIIYIIIIYI
Rotate 1: XZIIZZXYXIXYYZX
Rotate 1: IIIIIIIYIIIIZYI
Rotate 1: ZIIIZZXYXIXYYXX
Rotate -1: YZYIIIIYIIIIZII
Rotate 1: YIIIIIYIIIIIZII
Rotate -1: ZXIIYYZIIIXZIYI
Rotate 1: IZIIIIYIIIIIZYI
Rotate 1: IXIIXIYXXIIXIZI
Rotate 1: IXIIIIIYIIIXXYI
Rotate 1: YYIIIIIIIIIXYYI
Rotate 1: IIXIIIIYYIIIZII
Rotate -1: IIXIIIIYIIIIZYI
Rotate 1: YIYXZZXXYZIIYYI
Rotate 1: YIYXZZXXYIIIYYI
Rotate -1: YZIIYYIIIZIIZII
Rotate 1: IZIIYYIIIZYIZII
Rotate -1: YIIZIXIIIIIIIII
Rotate -1: YIIZIIXXIIIZXII
Rotate -1: IZIZIIXXIIIIXII
Rotate -1: IZIZIXIIIIIZIII
Rotate -1: YZIIYYIIIZIIZII
Rotate 1: IZIIYYIIIZYIZII
Rotate 1: IIYXZZXXYZYIYYI
Rotate 1: IIYXZZXXYIYIYYI
Rotate -1: IIXIIIIYYZIIZII
Rotate 1: IIXIIIIYIZIIZYI
Rotate 1: IXIIIIIYYIIXXII
Rotate 1: YYIIIIIIYIIXYII
Rotate -1: IIIIIIIYIIIIZYI
Rotate -1: XXIIYYXYIIXZIII
Rotate 1: IZIIIIYYIIIIIII
Rotate 1: XYIIYYZYIIXZZYI
Rotate 1: IXIIIIIYYIIXXII
Rotate 1: YYIIIIIIYIIXYII
Rotate -1: YZIIIIYIIIIIZYI
Rotate -1: YXIIXIYXXIIXIZI
Rotate -1: YZXIIIIIYZIIIII
Rotate 1: YZXIIIIIIZIIIYI
Rotate -1: IYIIXXIYXIIXXXX
Rotate 1: IIYXZZXXIZYIYII
Rotate 1: IIYXZZXXIIYIYII
Rotate 1: YZIIYYIIIIIIZII
Rotate -1: IZIIYYIIIIYIZII
Rotate -1: IIIZIXIIIIYIIII
Rotate -1: IIIZIIXXIIYZXII
Rotate -1: YZIZIIXXIIYIXII
Rotate -1: YZIZIXIIIIYZIII
Rotate 1: YZIIYYIIIIIIZII
Rotate 1: IZIZZZIIIIYIZII
Rotate -1: IZIIYYIIIIYIZII
Rotate -1: YZIZZZIIIIIIZII
Rotate 1: YIYXZZXXIZIIYII
Rotate 1: YIIIZIIIIZIIIYI
Rotate 1: YIYXZZXXIIIIYII
Rotate 1: YIIIZIIIIIIIIYI
Rotate 1: IZIZZYXXIIZZYII
Rotate 1: YZXIIIIIYIIIIII
Rotate 1: IIIZIIIIYIIIIYI
Rotate -1: YZXIIIIIIIIIIYI
Rotate -1: IIIZIIIIIZIIIII
Rotate -1: IIIZIIIIIIIIIII
Rotate 1: IXIIIIIYIIIXXYI
Rotate -1: YZYIIIIYIIIIZII
Rotate 1: YYIIIIIIIIIXYYI
Rotate -1: IIYIIIIIYIIIIYI
Rotate 1: IIYIIIIIIIIIIII
Rotate 1: IIIIIIIYIIIIZYI
Rotate 1: YXIIXXIYXIIXXZX
Rotate -1: YIIZZZIIIIZIZYI
Rotate 1: YIIZZYXXIIZZYYI
Rotate -1: YZIIIIIIIIIIIYI
Rotate -1: YZIIIXXXIIIZXYI
Rotate -1: IIIIIIIZYIIIZII
Rotate 1: IIYIIIIZYIIIZII
Rotate -1: IIYIIIIIZZIIIYI
Rotate -1: IIYZIIIIZZIIIYI
Rotate 1: IIIZIIIIIYIIIII
Rotate -1: YIIZZIIIIYIIIYI
Rotate 1: YZIIZZIIIYIIZII
Rotate -1: IZIIIZIIIYIIZYI
Rotate -1: IIYIIIIIZZIIIYI
Rotate -1: IIYZIIIIZZIIIYI
Rotate 1: IIIZIIIZYIIIZII
Rotate -1: IIYZIIIZYIIIZII
Rotate -1: IYYIXXIYXIIXXXX
Rotate 1: YXYIXXIYXIIXXZX
Rotate -1: YIIIIIYIIIIIZII
Rotate 1: YYIIXIYXXIIXIXI
Rotate 1: IIIIIIYIIIIIZII
Rotate -1: IYIIXIYXXIIXIXI
Rotate -1: IYYIXXIYXIIXXXX
Rotate 1: YXYIXXIYXIIXXZX
Rotate -1: YXIIXIXXXIIYZXX
Rotate 1: IYIIXXIIXIIXYZX
Rotate -1: IYIIXIXXXIIYZZX
Rotate -1: IXIIXXIIXIIXYXX
Rotate 1: YXIIXXIIXIIXYXX
Rotate -1: YZIZIIIZYIIIZYI
Rotate 1: YZYZIIIZYIIIZYI
Rotate -1: IIIIIIIIZZIIIYI
Rotate -1: IIIZIIIIZZIIIYI
Rotate -1: IIIIIIIIIYIIIII
Rotate 1: YIIIZIIIIYIIIYI
Rotate -1: YZIZZZIIIYIIZII
Rotate 1: IZIZIZIIIYIIZYI
Rotate -1: IIIIIIIIIZIIIII
Rotate -1: IIIIIIIIZZIIIYI
Rotate -1: IIIZIIIIIZIIIII
Rotate -1: IIIZIIIIZZIIIYI
Rotate -1: YIIZZIXXIIYZXYI
Rotate -1: IZIZZXIIIIYIIII
Rotate -1: IZIZZIXXIIYZXII
Rotate -1: YZIIYZXXIIIZYII
Rotate -1: IIIIYYIIIIIIZYI
Rotate -1: IIIIYZXXIIIZYYI
Rotate 1: IIIZZXIIIIYIIYI
Rotate 1: IIIIIIIIYIIIIYI
Rotate 1: YZIIIIIZYIIIZYI
Rotate -1: IIYIIIIIYIIIIYI
Rotate -1: YZYIIIIZYIIIZYI
Rotate -1: IIIIIIIIIYIIIII
Rotate -1: IIIIIXXXIYIZXII
Rotate -1: YZIIIIIIIYIIIYI
Rotate -1: YZIIIXXXIYIZXYI
Rotate -1: IIIYIZXXIIIIYYI
Rotate -1: IIIYIYIIIIIZZYI
Rotate -1: YZIYIZXXIIIIYII
Rotate -1: YZIYIYIIIIIZZII
Rotate 1: YZIIIIIYIIIIZII
Rotate -1: IYIIXXIYXIIXXXX
Rotate 1: IIIIIIIYIIIIZYI
Rotate 1: YXIIXXIYXIIXXZX
Rotate -1: IIIIIXXXZIIZXYI
Rotate -1: YZIIIIIIZIIIIII
Rotate -1: YZIIIXXXZIIZXII
Rotate -1: IIZIIXXXIIIZXII
Rotate -1: YZZIIIIIIIIIIYI
Rotate -1: YZZIIXXXIIIZXYI
Rotate -1: IIZIIIIIIIIIIII
Rotate -1: IIIZIIIIIIIIIII
Rotate -1: IIZZIIIIIIIIIII
Rotate -1: YZIZIXXXIIIIXII
Rotate -1: YZZZIXXXIIIIXII
Rotate 1: YZIIIXXYIIIZYII
Rotate -1: IIIIIIIZIIIIZYI
Rotate 1: IIIIIXXYIIIZYYI
Rotate -1: IIIYIZXXIIIIYYI
Rotate -1: YZIYIZZXIIIIXYI
Rotate -1: IZIYIZZXIIIIXIZ
Rotate -1: YIIYIZXXIIIIYIZ
Rotate 1: YIIIIXXXIIIYXII
Rotate -1: IIIIIXXXIIIYXII
Rotate -1: IIZZIIIIIIIIIII
Rotate -1: YZZZIXXXIIIIXII
Rotate -1: YZYIIXXXIIIIXII
Rotate -1: YYYIIXXXIIIXZII
Rotate 1: IZYIIXXXIIIIXII
Rotate 1: IYYIIXXXIIIXZII
Rotate -1: IIZZIIIIIIIIIII
Rotate -1: YZZZIXXXIIIIXII
Rotate 1: YZIYIYIIIIIIZYI
Rotate -1: IIIYIYYIIIIIIYI
Rotate -1: YIIYIYYIIIIIIIZ
Rotate 1: IZIYIYIIIIIIZIZ
Rotate -1: IIIZIIIIIIIIIII
Rotate -1: IIZZIIIIIIIIIII
Rotate -1: YZIZIXXXIIIIXII
Rotate -1: YZZZIXXXIIIIXII
Rotate 1: IIYIIIIIIIIIIII
Rotate -1: IXYIIIIIIIIXYII
Rotate -1: YIYIIIIIIIIIIII
Rotate 1: YXYIIIIIIIIXYII
Rotate 1: YIIIIXXXIIIXYYZ
Rotate -1: IIIIIXXXIIIXYYZ
Rotate 1: YZIYIYIIIIIIZYI
Rotate -1: IZIYIYIIIIIIZYI
Rotate -1: IZIIIIIIIIIIIYI
Rotate 1: YZIIIXXXIIIYXYI
Rotate 1: YZIIIIIIIIIIIYI
Rotate -1: IZIIIXXXIIIYXYI
Rotate -1: IIZIIIIIIIIIIII
Rotate -1: YIIIIIIIIIIYZYZ
Rotate 1: IIIIIIIIIIIYZYZ
Rotate 1: IXIIIIIIIIIXYII
Rotate -1: YXIIIIIIIIIXYII
Rotate 1: IXIIXXZIXIIYXZZ
Rotate -1: YXIIXXZIXIIYXZZ
Rotate -1: IIIIIXXXIIIZXII
Rotate -1: IIIIIIYIIIIZZIX
Rotate 1: YIIIIXXXIIIZXII
Rotate 1: YIIIIIYIIIIZZIX
Rotate -1: YZIIIXXXIIIIXII
Rotate -1: YYIIIXXXIIIXZII
Rotate 1: IZIIIXXXIIIIXII
Rotate 1: IYIIIXXXIIIXZII
Rotate -1: YIIIIXXXIIIYXII
Rotate 1: IXIIIIIIIIIXYYZ
Rotate 1: IYIIXIYXXIIXIXZ
Rotate -1: YYIIXIYXXIIXIXZ
Rotate -1: IZIIIXZXIIIIYYX
Rotate 1: YZIIIXZXIIIIYYX
Rotate 1: YZIIIXZXIIIXXYZ
Rotate -1: YZIIIIYIIIIIZII
Rotate -1: IZIIIXZXIIIXXYZ
Rotate 1: IZIIIXZXIIIXXII
Rotate -1: IZIIIIYIIIIIZYZ
Rotate -1: YZIIIXZXIIIXXII
Rotate -1: YZIIIXZXIIIYYYZ
Rotate 1: YIIIIXXXIIIYXYZ
Rotate 1: YZIIIIYIIIIIZYZ
Rotate -1: IYIIIIYIIIIXXYZ
Rotate 1: IZIIIIYIZIIIZYI
Rotate 1: YIIIIIYZIIIIIII
Rotate 1: IZIIIIIIIIIYIII
Rotate -1: IIIIIIYIIIIYZII
Rotate -1: YYIIIXXXIIIXZII
Rotate -1: YXIIIXZXIIIXIII
Rotate -1: IZIIIXXXIIIIXIX
Rotate 1: IIIIIXZXIIIIYIX
Rotate 1: IIIIIXZXIIIYYYI
Rotate -1: IZIIIXXXIIIYXYI
Rotate -1: YZIIIXZXIIIXXYZ
Rotate -1: YIIIIXXXIIIXYYZ
Rotate 1: YZIIIXXXIIIXYIZ
Rotate 1: YIIIIXZXIIIXXIZ
Rotate -1: IIIIIIYIIIIIZYI
Rotate 1: IZIIIIIIIIIIIYI
Rotate -1: IZIIIXZXIIIIYYX
Rotate 1: IIIIIXXXIIIIXYX
Rotate -1: YZIIIXZXIIIYYYZ
Rotate -1: YIIIIIYIIIIYZYZ
Rotate 1: YYIIIIYIIIIXXII
Rotate 1: YXIIIXZXIIIXIII
Rotate -1: IXIIIIIIIIIXYYZ
Rotate 1: IYIIIXXXIIIXZYZ
Rotate -1: IZIIIXXXIIIIXII
Rotate -1: IZIIIXZXIIIIYYI
Rotate 1: IZIIIIYIIIIYZYI
Rotate 1: IIIIIIIIIIIIIIX
Rotate 1: IIIIIIYIIIIIZYX
Rotate -1: YIIIIIIIIIIIIIX
Rotate -1: YIIIIIYIIIIIZYX
Rotate -1: YIIIIXZXIIIYYYI
Rotate -1: YXIIXXYIXIIXXZX
Rotate 1: IXIIXXYIXIIXXZX
Rotate -1: YIIZZXYIIIYIZII
Rotate 1: IIIZZXYIIIYIZII
Rotate 1: YZIYIYYIIIIIIII
Rotate 1: YIIIIIYIIIIIZYI
Rotate -1: IZIYIYYIIIIIIII
Rotate 1: IZIIIXXXIIIZYII
Rotate 1: YIIIIXZXIIIZXYZ
Rotate -1: YZIIIXZXIIIYYYZ
Rotate 1: YIIZZZYIIIZIIYZ
Rotate -1: IYIIXXYIXIIXXZY
Rotate 1: IIIIYYYIIIIIIYZ
Rotate 1: YXIIIZZXIIYZZYI
Rotate 1: YYIZIXZXIIIZIII
Rotate 1: YXIZIZZXIIYZZYI
Rotate 1: ZIIIYZIXIIXIZIX
Rotate -1: ZZIIYXIXIIZIIYX
Rotate 1: ZIIZYZIXIIXIZIX
Rotate -1: ZZIZYXIXIIZIIYX
Rotate -1: YXIIIXXXIIIZZII
Rotate -1: YIIIIXXXIIIYXII
Rotate 1: YZIIIXZXIIIYYII
Rotate 1: YIIIIIIIZIIIIYI
Rotate -1: YZIIIIYIZIIIZYI
Rotate 1: IZIIIIIZIIIIZII
Rotate -1: IIIIIIYZIIIIIII
Rotate -1: IYIIIXZXIIIZIII
Rotate 1: IXIIIXXXIIIZZII
Rotate 1: YIIIZXIIIIYIIYI
Rotate -1: IZIIZXYIIIYIZIZ
Rotate -1: YYIIIXXXIIIZZYI
Rotate -1: IIIIIIIXIIIIIII
Rotate 1: ZIIIYZIXIIXIZIX
Rotate 1: ZIIIYZIIIIXIZIX
Rotate -1: YYIIIXXIIIIZZYI
Rotate 1: XYIIYYXIIIXZIYX
Rotate 1: XYIIYYXXIIXZIYX
Rotate 1: IZIIIIYIIIIIZYZ
Rotate -1: YZIIIXXXIIIZYII
Rotate -1: IIIIIXZXIIIZXYZ
Rotate -1: YIIIIXXXIIIYXII
Rotate 1: IZIIIXZXIIIYYYZ
Rotate 1: YZIZZZIIIIZIZII
Rotate -1: IIIZZZYIIIZIIYZ
Rotate -1: YZIIIIIZIIIIZII
Rotate 1: IIIIIIYZIIIIIYZ
Rotate 1: IZIIIIIZIIIIZII
Rotate -1: YIIIIIYZIIIIIYZ
Rotate -1: IXIIXXIIXIIXYXX
Rotate 1: YYIIXXYIXIIXXZY
Rotate -1: IIIIZXIIIIYIIYI
Rotate 1: YZIIZXYIIIYIZIZ
Rotate 1: IZIIYYIIIIIIZII
Rotate -1: YIIIYYYIIIIIIYZ
Measure +: YIIIIIIIIIIIIII
Measure -: YYIIIXXXIIIZZYI
Measure -: IIZIIIIIIIIIIII
Measure -: IIIZIIIIIIIIIII
Measure +: IZIIXYIIIIIIZYI
Measure +: IZIIIYIIIIYIZYI
Measure -: YYIIXXYIXIIXXZX
Measure -: IIIIIIIXIIIIIII
Measure -: IIIIIIIIXIIIIII
Measure -: IIIIIIIIIZIIIII
Measure -: YZIZZZIIIIXIZII
Measure -: IZIIIIYIIIIZZYI
Measure -: IZIIIXXXIIIIXII
Measure +: IZIIIIYIIIIIZII
Measure +: YZIIIIYIIIIIZYZ
