Rotate 1: IIIIZ
Rotate 1: IXIII
Rotate -1: IXIZI
Rotate -1: IIIZZ
Rotate -1: IXIIZ
Rotate 1: IXIZZ
Rotate 1: XIIII
Rotate -1: XIIZI
Rotate 1: IIIZI
Rotate 1: IIXII
Rotate -1: IIXZI
Rotate -1: XZIII
Rotate 1: XZIZI
Rotate -1: IZXII
Rotate 1: IZXZI
Measure +: ZIIII
Measure +: IZIZI
Measure +: IIXII
Measure +: IIIZI
Measure +: IIIIZ
